// Jest Snapshot v1, https://goo.gl/fbAQLP

exports[`transactions reducers transactions/SET_TRANSACTION 1`] = `
Object {
  "data": Object {
    "11/10/2019": Array [
      Object {
        "accountId": "PPY5107",
        "amount": -10,
        "clientId": "6449",
        "currency": Object {
          "code": "EUR",
        },
        "description": "To: Dmitrii Popov Vvg",
        "executedAt": "2019-10-11T10:12:00",
        "fee": 0,
        "fromBank": "Papaya",
        "fromName": "Ralf Williams",
        "fromNumber": "MT98PAPY36836000002676370004519",
        "fromPanDisplay": null,
        "id": "PPY184598",
        "openapiData": Object {
          "externalOwnerID": null,
          "fromCardPan": null,
          "subType": null,
          "toCard": null,
          "toPhone": "79085491121",
          "type": "TO_CONTACT",
        },
        "operationType": null,
        "paymentToRepeat": Object {
          "account": "PPY5107",
          "address": null,
          "amount": 10,
          "beneficiaryAccount": null,
          "beneficiaryBank": null,
          "beneficiaryName": null,
          "cardNumber": null,
          "city": null,
          "commissionType": null,
          "country": null,
          "currencyCode": "EUR",
          "fromCardId": null,
          "fromCardPan": null,
          "fromPhone": "79111111111",
          "iban": null,
          "intermediaryAccount": null,
          "intermediaryBank": null,
          "intermediarySwift": null,
          "phoneNumber": "79085491121",
          "purpose": "other Vvgh",
          "swiftCode": null,
          "transferDetails": null,
          "type": "PAYMENT_PHONE",
          "urgency": null,
        },
        "paymentType": "TRANSFER",
        "referenceNumber": "PPY1e1d31e3-6acb-4d60-9f70-b9151221d11",
        "status": "COMPLETED",
        "toBank": "Papaya",
        "toName": "Dmitrii Popov",
        "toNumber": "MT97PAPY36836000002676370003470",
      },
      Object {
        "accountId": "PPY5107",
        "amount": -1,
        "clientId": "6449",
        "currency": Object {
          "code": "EUR",
        },
        "description": "To: Elfur Long 12",
        "executedAt": "2019-10-11T10:08:47",
        "fee": 0,
        "fromBank": "Papaya",
        "fromName": "Ralf Williams",
        "fromNumber": "MT98PAPY36836000002676370004519",
        "fromPanDisplay": null,
        "id": "PPY184597",
        "openapiData": Object {
          "externalOwnerID": null,
          "fromCardPan": null,
          "subType": null,
          "toCard": null,
          "toPhone": "79032950311",
          "type": "TO_CONTACT",
        },
        "operationType": null,
        "paymentToRepeat": Object {
          "account": "PPY5107",
          "address": null,
          "amount": 1,
          "beneficiaryAccount": null,
          "beneficiaryBank": null,
          "beneficiaryName": null,
          "cardNumber": null,
          "city": null,
          "commissionType": null,
          "country": null,
          "currencyCode": "EUR",
          "fromCardId": null,
          "fromCardPan": null,
          "fromPhone": "79111111111",
          "iban": null,
          "intermediaryAccount": null,
          "intermediaryBank": null,
          "intermediarySwift": null,
          "phoneNumber": "79032950311",
          "purpose": "other 123",
          "swiftCode": null,
          "transferDetails": null,
          "type": "PAYMENT_PHONE",
          "urgency": null,
        },
        "paymentType": "TRANSFER",
        "referenceNumber": "PPY84f7087c-c511-4928-b299-13ee47c1bd9",
        "status": "COMPLETED",
        "toBank": "Papaya",
        "toName": "Elfur Long",
        "toNumber": "MT52PAPY36836000002676370000303",
      },
    ],
  },
  "errors": Array [],
  "filter": Object {
    "isShown": false,
  },
  "isError": false,
  "isLoading": false,
  "isSuccess": true,
  "pagination": Object {
    "length": 2,
    "maxPageNumber": 10,
    "pageNumber": 1,
    "pageSize": 20,
  },
  "settings": Object {
    "shownBtns": Object {},
  },
}
`;
